// Jest Snapshot v1, https://goo.gl/fbAQLP

exports[`MyDairyPageComponent should match snapshot 1`] = `
<diary-page
  changeDetectorRef={[Function ViewRef_]}
  dialogFactory={[Function DialogFactoryService]}
  diaryEntries$={[Function Store]}
  store={[Function Store]}
>
  <common-show-if-logged-in
    _ngcontent-c4=""
  >
    <div
      ng-reflect-ng-switch="false"
    >
      <div>
        <diary-not-logged-in>
          You are not logged in. Click to log in.
        </diary-not-logged-in>
      </div>
    </div>
  </common-show-if-logged-in>
</diary-page>
`;

exports[`MyDairyPageComponent полная имитация  1`] = `
<diary-page
  changeDetectorRef={[Function ViewRef_]}
  dialogFactory={[Function DialogFactoryService]}
  diaryEntries$={[Function Store]}
  store={[Function Store]}
>
  <common-show-if-logged-in
    _ngcontent-c8=""
  >
    <div
      ng-reflect-ng-switch="true"
    >
      <div>
        <diary-entry-list
          _ngcontent-c8=""
          _nghost-c9=""
          ng-reflect-entries="[object Object],[object Object"
        >
          entry-list
        </diary-entry-list>
        <button
          _ngcontent-c8=""
          class="example-fab mat-mini-fab mat-accent"
          md-mini-fab=""
        >
          <span
            class="mat-button-wrapper"
          >
            <md-icon
              _ngcontent-c8=""
              class="mat-icon material-icons"
              role="img"
              aria-hidden="true"
            >
              add
            </md-icon>
          </span>
          <div
            class="mat-button-ripple mat-ripple mat-button-ripple-round"
            md-ripple=""
            ng-reflect-trigger="[object HTMLButtonElement]"
            ng-reflect-centered="false"
            ng-reflect-disabled="false"
          />
          <div
            class="mat-button-focus-overlay"
          />
        </button>
      </div>
    </div>
  </common-show-if-logged-in>
</diary-page>
`;
